2026-02-01T07:25:25.543Z	Initializing build environment...
2026-02-01T07:25:36.434Z	Success: Finished initializing build environment
2026-02-01T07:25:36.874Z	Cloning repository...
2026-02-01T07:25:37.772Z	Detected the following tools from environment: 
2026-02-01T07:25:37.982Z	Executing user deploy command: npx wrangler deploy
2026-02-01T07:25:39.695Z	npm warn exec The following package was not found and will be installed: wrangler@4.61.1
2026-02-01T07:25:48.934Z	
2026-02-01T07:25:48.935Z	 ⛅️ wrangler 4.61.1
2026-02-01T07:25:48.936Z	───────────────────
2026-02-01T07:25:48.963Z	
2026-02-01T07:25:48.963Z	Cloudflare collects anonymous telemetry about your usage of Wrangler. Learn more at https://github.com/cloudflare/workers-sdk/tree/main/packages/wrangler/telemetry.md
2026-02-01T07:25:48.964Z	
2026-02-01T07:25:49.033Z	✘ [ERROR] Missing entry-point to Worker script or to assets directory
2026-02-01T07:25:49.033Z	
2026-02-01T07:25:49.033Z	  
2026-02-01T07:25:49.034Z	  If there is code to deploy, you can either:
2026-02-01T07:25:49.034Z	  - Specify an entry-point to your Worker script via the command line (ex: `npx wrangler deploy src/index.ts`)
2026-02-01T07:25:49.034Z	  - Or create a "wrangler.jsonc" file containing:
2026-02-01T07:25:49.034Z	  
2026-02-01T07:25:49.034Z	  ```
2026-02-01T07:25:49.034Z	  {
2026-02-01T07:25:49.034Z	    "name": "worker-name",
2026-02-01T07:25:49.035Z	    "compatibility_date": "2026-02-01",
2026-02-01T07:25:49.035Z	    "main": "src/index.ts"
2026-02-01T07:25:49.035Z	  }
2026-02-01T07:25:49.035Z	  ```
2026-02-01T07:25:49.035Z	  
2026-02-01T07:25:49.035Z	  
2026-02-01T07:25:49.035Z	  If are uploading a directory of assets, you can either:
2026-02-01T07:25:49.035Z	  - Specify the path to the directory of assets via the command line: (ex: `npx wrangler deploy --assets=./dist`)
2026-02-01T07:25:49.035Z	  - Or create a "wrangler.jsonc" file containing:
2026-02-01T07:25:49.037Z	  
2026-02-01T07:25:49.037Z	  ```
2026-02-01T07:25:49.037Z	  {
2026-02-01T07:25:49.037Z	    "name": "worker-name",
2026-02-01T07:25:49.037Z	    "compatibility_date": "2026-02-01",
2026-02-01T07:25:49.037Z	    "assets": {
2026-02-01T07:25:49.037Z	      "directory": "./dist"
2026-02-01T07:25:49.037Z	    }
2026-02-01T07:25:49.037Z	  }
2026-02-01T07:25:49.038Z	  ```
2026-02-01T07:25:49.038Z	  
2026-02-01T07:25:49.038Z	
2026-02-01T07:25:49.038Z	
2026-02-01T07:25:49.087Z	🪵  Logs were written to "/opt/buildhome/.config/.wrangler/logs/wrangler-2026-02-01_07-25-48_315.log"
2026-02-01T07:25:49.257Z	Failed: error occurred while running deploy command
2026-02-01T07:25:25.543Z	Initializing build environment...
2026-02-01T07:25:36.434Z	Success: Finished initializing build environment
2026-02-01T07:25:36.874Z	Cloning repository...
2026-02-01T07:25:37.772Z	Detected the following tools from environment: 
2026-02-01T07:25:37.982Z	Executing user deploy command: npx wrangler deploy
2026-02-01T07:25:39.695Z	npm warn exec The following package was not found and will be installed: wrangler@4.61.1
2026-02-01T07:25:48.934Z	
2026-02-01T07:25:48.935Z	 ⛅️ wrangler 4.61.1
2026-02-01T07:25:48.936Z	───────────────────
2026-02-01T07:25:48.963Z	
2026-02-01T07:25:48.963Z	Cloudflare collects anonymous telemetry about your usage of Wrangler. Learn more at https://github.com/cloudflare/workers-sdk/tree/main/packages/wrangler/telemetry.md
2026-02-01T07:25:48.964Z	
2026-02-01T07:25:49.033Z	✘ [ERROR] Missing entry-point to Worker script or to assets directory
2026-02-01T07:25:49.033Z	
2026-02-01T07:25:49.033Z	  
2026-02-01T07:25:49.034Z	  If there is code to deploy, you can either:
2026-02-01T07:25:49.034Z	  - Specify an entry-point to your Worker script via the command line (ex: `npx wrangler deploy src/index.ts`)
2026-02-01T07:25:49.034Z	  - Or create a "wrangler.jsonc" file containing:
2026-02-01T07:25:49.034Z	  
2026-02-01T07:25:49.034Z	  ```
2026-02-01T07:25:49.034Z	  {
2026-02-01T07:25:49.034Z	    "name": "worker-name",
2026-02-01T07:25:49.035Z	    "compatibility_date": "2026-02-01",
2026-02-01T07:25:49.035Z	    "main": "src/index.ts"
2026-02-01T07:25:49.035Z	  }
2026-02-01T07:25:49.035Z	  ```
2026-02-01T07:25:49.035Z	  
2026-02-01T07:25:49.035Z	  
2026-02-01T07:25:49.035Z	  If are uploading a directory of assets, you can either:
2026-02-01T07:25:49.035Z	  - Specify the path to the directory of assets via the command line: (ex: `npx wrangler deploy --assets=./dist`)
2026-02-01T07:25:49.035Z	  - Or create a "wrangler.jsonc" file containing:
2026-02-01T07:25:49.037Z	  
2026-02-01T07:25:49.037Z	  ```
2026-02-01T07:25:49.037Z	  {
2026-02-01T07:25:49.037Z	    "name": "worker-name",
2026-02-01T07:25:49.037Z	    "compatibility_date": "2026-02-01",
2026-02-01T07:25:49.037Z	    "assets": {
2026-02-01T07:25:49.037Z	      "directory": "./dist"
2026-02-01T07:25:49.037Z	    }
2026-02-01T07:25:49.037Z	  }
2026-02-01T07:25:49.038Z	  ```
2026-02-01T07:25:49.038Z	  
2026-02-01T07:25:49.038Z	
2026-02-01T07:25:49.038Z	
2026-02-01T07:25:49.087Z	🪵  Logs were written to "/opt/buildhome/.config/.wrangler/logs/wrangler-2026-02-01_07-25-48_315.log"
2026-02-01T07:25:49.257Z	Failed: error occurred while running deploy command