2026-02-01T07:19:58.380Z	Initializing build environment...
2026-02-01T07:19:59.748Z	Success: Finished initializing build environment
2026-02-01T07:20:00.079Z	Cloning repository...
2026-02-01T07:20:06.464Z	No build output detected to cache. Skipping.
2026-02-01T07:20:06.465Z	No dependencies detected to cache. Skipping.
2026-02-01T07:20:06.467Z	Detected the following tools from environment: 
2026-02-01T07:20:06.603Z	Executing user deploy command: npx wrangler deploy
2026-02-01T07:20:08.296Z	npm warn exec The following package was not found and will be installed: wrangler@4.61.1
2026-02-01T07:20:24.385Z	
2026-02-01T07:20:24.386Z	 ⛅️ wrangler 4.61.1
2026-02-01T07:20:24.386Z	───────────────────
2026-02-01T07:20:24.410Z	
2026-02-01T07:20:24.410Z	Cloudflare collects anonymous telemetry about your usage of Wrangler. Learn more at https://github.com/cloudflare/workers-sdk/tree/main/packages/wrangler/telemetry.md
2026-02-01T07:20:24.412Z	
2026-02-01T07:20:24.483Z	✘ [ERROR] Missing entry-point to Worker script or to assets directory
2026-02-01T07:20:24.483Z	
2026-02-01T07:20:24.483Z	  
2026-02-01T07:20:24.484Z	  If there is code to deploy, you can either:
2026-02-01T07:20:24.484Z	  - Specify an entry-point to your Worker script via the command line (ex: `npx wrangler deploy src/index.ts`)
2026-02-01T07:20:24.484Z	  - Or create a "wrangler.jsonc" file containing:
2026-02-01T07:20:24.484Z	  
2026-02-01T07:20:24.484Z	  ```
2026-02-01T07:20:24.484Z	  {
2026-02-01T07:20:24.484Z	    "name": "worker-name",
2026-02-01T07:20:24.484Z	    "compatibility_date": "2026-02-01",
2026-02-01T07:20:24.484Z	    "main": "src/index.ts"
2026-02-01T07:20:24.484Z	  }
2026-02-01T07:20:24.484Z	  ```
2026-02-01T07:20:24.484Z	  
2026-02-01T07:20:24.485Z	  
2026-02-01T07:20:24.485Z	  If are uploading a directory of assets, you can either:
2026-02-01T07:20:24.485Z	  - Specify the path to the directory of assets via the command line: (ex: `npx wrangler deploy --assets=./dist`)
2026-02-01T07:20:24.485Z	  - Or create a "wrangler.jsonc" file containing:
2026-02-01T07:20:24.485Z	  
2026-02-01T07:20:24.485Z	  ```
2026-02-01T07:20:24.485Z	  {
2026-02-01T07:20:24.485Z	    "name": "worker-name",
2026-02-01T07:20:24.485Z	    "compatibility_date": "2026-02-01",
2026-02-01T07:20:24.487Z	    "assets": {
2026-02-01T07:20:24.488Z	      "directory": "./dist"
2026-02-01T07:20:24.488Z	    }
2026-02-01T07:20:24.488Z	  }
2026-02-01T07:20:24.488Z	  ```
2026-02-01T07:20:24.488Z	  
2026-02-01T07:20:24.489Z	
2026-02-01T07:20:24.489Z	
2026-02-01T07:20:24.546Z	🪵  Logs were written to "/opt/buildhome/.config/.wrangler/logs/wrangler-2026-02-01_07-20-23_751.log"
2026-02-01T07:20:24.740Z	Failed: error occurred while running deploy command